// Jest Snapshot v1, https://goo.gl/fbAQLP

exports[`Test for <TodoItem/> should show correctly 1`] = `
<li
  className="list-group-item"
>
  <p
    className="false"
    onClick={[Function]}
  >
    Algo
  </p>
  <button
    className="btn btn-danger"
    onClick={[Function]}
  >
    Borrar
  </button>
</li>
`;
