// Jest Snapshot v1, https://goo.gl/fbAQLP

exports[`Pruebas en el <GifGrid/> debe mostrarse correctamente 1`] = `
<Fragment>
  <h3
    className="animate__animated animate__fadeIn"
  >
    One punch
  </h3>
  <div
    className="card-grid"
  >
    <p
      className="animate__animated animate__flash"
    >
      Loading
    </p>
  </div>
</Fragment>
`;
