// Jest Snapshot v1, https://goo.gl/fbAQLP

exports[`Test <HookApp/> Should coincide with snapshoot 1`] = `<MainApp />`;
