// Jest Snapshot v1, https://goo.gl/fbAQLP

exports[`Test for <RealExampleRef /> Should show correctly 1`] = `
<div>
  <h1>
    RealExampleRef
  </h1>
  <hr />
  <button
    className="btn btn-primary mt-5"
    onClick={[Function]}
  >
    show/hide
  </button>
</div>
`;
